../Core/Src/lcd1602.c:4:13:delay	16	static
../Core/Src/lcd1602.c:11:13:LCD_WriteData	16	static
../Core/Src/lcd1602.c:22:13:LCD_Data	16	static
../Core/Src/lcd1602.c:35:13:LCD_Command	16	static
../Core/Src/lcd1602.c:47:16:LCD_convertDigitToChar	16	static
../Core/Src/lcd1602.c:72:6:LCD_SendIntDigit	48	static
../Core/Src/lcd1602.c:140:6:LCD_SendFloatDigit	16	static
../Core/Src/lcd1602.c:144:6:LCD_SendString	24	static
../Core/Src/lcd1602.c:152:6:LCD_SendChar	16	static
../Core/Src/lcd1602.c:157:6:LCD_Clear	8	static
../Core/Src/lcd1602.c:162:6:LCD_SetPos	16	static
../Core/Src/lcd1602.c:179:6:LCD_ini	8	static
