../Core/Src/main.c:62:6:HAL_TIM_PeriodElapsedCallback	16	static
../Core/Src/main.c:70:6:printTemperature	16	static
../Core/Src/main.c:76:6:printPressure	16	static
../Core/Src/main.c:86:6:printHumidity	16	static
../Core/Src/main.c:92:6:printIllumination	16	static
../Core/Src/main.c:104:5:main	16	static
../Core/Src/main.c:177:6:SystemClock_Config	72	static
../Core/Src/main.c:214:13:MX_I2C2_Init	8	static
../Core/Src/main.c:248:13:MX_TIM1_Init	32	static
../Core/Src/main.c:294:13:MX_GPIO_Init	40	static
../Core/Src/main.c:346:6:Error_Handler	4	static,ignoring_inline_asm
